// Jest Snapshot v1, https://goo.gl/fbAQLP

exports[`Snapshot test for Calculator component 1`] = `
<section
  className="Calculator"
>
  <p>
    Let's do some math!
  </p>
  <section
    className="Calc-container"
  >
    <div
      className="row"
    >
      <h2
        className="input"
      >
        0
      </h2>
    </div>
    <div
      className="row"
    >
      <input
        onClick={[Function]}
        type="button"
        value="AC"
      />
      <input
        onClick={[Function]}
        type="button"
        value="+/-"
      />
      <input
        onClick={[Function]}
        type="button"
        value="%"
      />
      <input
        onClick={[Function]}
        type="button"
        value="รท"
      />
    </div>
    <div
      className="row"
    >
      <input
        onClick={[Function]}
        type="button"
        value="7"
      />
      <input
        onClick={[Function]}
        type="button"
        value="8"
      />
      <input
        onClick={[Function]}
        type="button"
        value="9"
      />
      <input
        onClick={[Function]}
        type="button"
        value="x"
      />
    </div>
    <div
      className="row"
    >
      <input
        onClick={[Function]}
        type="button"
        value="4"
      />
      <input
        onClick={[Function]}
        type="button"
        value="5"
      />
      <input
        onClick={[Function]}
        type="button"
        value="6"
      />
      <input
        onClick={[Function]}
        type="button"
        value="-"
      />
    </div>
    <div
      className="row"
    >
      <input
        onClick={[Function]}
        type="button"
        value="1"
      />
      <input
        onClick={[Function]}
        type="button"
        value="2"
      />
      <input
        onClick={[Function]}
        type="button"
        value="3"
      />
      <input
        onClick={[Function]}
        type="button"
        value="+"
      />
    </div>
    <div
      className="row last-row"
    >
      <input
        onClick={[Function]}
        type="button"
        value="0"
      />
      <input
        onClick={[Function]}
        type="button"
        value="."
      />
      <input
        onClick={[Function]}
        type="button"
        value="="
      />
    </div>
  </section>
</section>
`;
